{"timestamp":"2026-09-16T06:25:38.947975Z","level":"info","event":"DAG bundles loaded: dags-folder","logger":"airflow.dag_processing.bundles.manager.DagBundlesManager","filename":"manager.py","lineno":179}
{"timestamp":"2026-09-16T06:25:38.951002Z","level":"info","event":"Filling up the DagBag from /opt/airflow/dags/shopkart_daily_pipeline.py","logger":"airflow.models.dagbag.DagBag","filename":"dagbag.py","lineno":593}
{"timestamp":"2026-09-16T06:25:40.171497Z","level":"info","event":"Using basic auth.","logger":"airflow.task.hooks.airflow.providers.databricks.hooks.databricks.DatabricksHook","filename":"databricks_base.py","lineno":1338}
{"timestamp":"2026-09-16T06:25:42.807219Z","level":"info","event":"Run submitted with run_id: 855387930233910","logger":"airflow.task.operators.airflow.providers.databricks.operators.databricks.DatabricksRunNowOperator","filename":"databricks.py","lineno":1405}
{"timestamp":"2026-09-16T06:25:43.038072Z","level":"info","event":"Using basic auth.","logger":"airflow.task.hooks.airflow.providers.databricks.hooks.databricks.DatabricksHook","filename":"databricks_base.py","lineno":1338}
{"timestamp":"2026-09-16T06:25:44.592518Z","level":"info","event":"Using basic auth.","logger":"airflow.task.hooks.airflow.providers.databricks.hooks.databricks.DatabricksHook","filename":"databricks_base.py","lineno":1338}
{"timestamp":"2026-09-16T06:25:46.713836Z","level":"info","event":"run_shopkart_databricks_job in run state: {'life_cycle_state': 'RUNNING', 'result_state': '', 'state_message': ''}","logger":"airflow.task.operators.airflow.providers.databricks.operators.databricks.DatabricksRunNowOperator","filename":"databricks.py","lineno":194}
{"timestamp":"2026-09-16T06:25:46.714631Z","level":"info","event":"View run status, Spark UI, and logs at https://dbc-d657ac58-ed7a.cloud.databricks.com/?o=7474651231474860#job/478726098061363/run/855387930233910","logger":"airflow.task.operators.airflow.providers.databricks.operators.databricks.DatabricksRunNowOperator","filename":"databricks.py","lineno":195}
{"timestamp":"2026-09-16T06:25:46.715382Z","level":"info","event":"Sleeping for 30 seconds.","logger":"airflow.task.operators.airflow.providers.databricks.operators.databricks.DatabricksRunNowOperator","filename":"databricks.py","lineno":196}
{"timestamp":"2026-09-16T06:26:16.735556Z","level":"info","event":"Using basic auth.","logger":"airflow.task.hooks.airflow.providers.databricks.hooks.databricks.DatabricksHook","filename":"databricks_base.py","lineno":1338}
{"timestamp":"2026-09-16T06:26:18.825277Z","level":"info","event":"run_shopkart_databricks_job in run state: {'life_cycle_state': 'RUNNING', 'result_state': '', 'state_message': ''}","logger":"airflow.task.operators.airflow.providers.databricks.operators.databricks.DatabricksRunNowOperator","filename":"databricks.py","lineno":194}
{"timestamp":"2026-09-16T06:26:18.826277Z","level":"info","event":"View run status, Spark UI, and logs at https://dbc-d657ac58-ed7a.cloud.databricks.com/?o=7474651231474860#job/478726098061363/run/855387930233910","logger":"airflow.task.operators.airflow.providers.databricks.operators.databricks.DatabricksRunNowOperator","filename":"databricks.py","lineno":195}
{"timestamp":"2026-09-16T06:26:18.827157Z","level":"info","event":"Sleeping for 30 seconds.","logger":"airflow.task.operators.airflow.providers.databricks.operators.databricks.DatabricksRunNowOperator","filename":"databricks.py","lineno":196}
{"timestamp":"2026-09-16T06:26:48.826941Z","level":"info","event":"Using basic auth.","logger":"airflow.task.hooks.airflow.providers.databricks.hooks.databricks.DatabricksHook","filename":"databricks_base.py","lineno":1338}
{"timestamp":"2026-09-16T06:26:50.347628Z","level":"info","event":"run_shopkart_databricks_job in run state: {'life_cycle_state': 'RUNNING', 'result_state': '', 'state_message': ''}","logger":"airflow.task.operators.airflow.providers.databricks.operators.databricks.DatabricksRunNowOperator","filename":"databricks.py","lineno":194}
{"timestamp":"2026-09-16T06:26:50.347917Z","level":"info","event":"View run status, Spark UI, and logs at https://dbc-d657ac58-ed7a.cloud.databricks.com/?o=7474651231474860#job/478726098061363/run/855387930233910","logger":"airflow.task.operators.airflow.providers.databricks.operators.databricks.DatabricksRunNowOperator","filename":"databricks.py","lineno":195}
{"timestamp":"2026-09-16T06:26:50.348057Z","level":"info","event":"Sleeping for 30 seconds.","logger":"airflow.task.operators.airflow.providers.databricks.operators.databricks.DatabricksRunNowOperator","filename":"databricks.py","lineno":196}
{"timestamp":"2026-09-16T06:27:20.345574Z","level":"info","event":"Using basic auth.","logger":"airflow.task.hooks.airflow.providers.databricks.hooks.databricks.DatabricksHook","filename":"databricks_base.py","lineno":1338}
{"timestamp":"2026-09-16T06:27:21.970370Z","level":"info","event":"run_shopkart_databricks_job in run state: {'life_cycle_state': 'RUNNING', 'result_state': '', 'state_message': ''}","logger":"airflow.task.operators.airflow.providers.databricks.operators.databricks.DatabricksRunNowOperator","filename":"databricks.py","lineno":194}
{"timestamp":"2026-09-16T06:27:21.970582Z","level":"info","event":"View run status, Spark UI, and logs at https://dbc-d657ac58-ed7a.cloud.databricks.com/?o=7474651231474860#job/478726098061363/run/855387930233910","logger":"airflow.task.operators.airflow.providers.databricks.operators.databricks.DatabricksRunNowOperator","filename":"databricks.py","lineno":195}
{"timestamp":"2026-09-16T06:27:21.970706Z","level":"info","event":"Sleeping for 30 seconds.","logger":"airflow.task.operators.airflow.providers.databricks.operators.databricks.DatabricksRunNowOperator","filename":"databricks.py","lineno":196}
{"timestamp":"2026-09-16T06:27:51.968447Z","level":"info","event":"Using basic auth.","logger":"airflow.task.hooks.airflow.providers.databricks.hooks.databricks.DatabricksHook","filename":"databricks_base.py","lineno":1338}
{"timestamp":"2026-09-16T06:27:53.833415Z","level":"info","event":"run_shopkart_databricks_job in run state: {'life_cycle_state': 'RUNNING', 'result_state': '', 'state_message': ''}","logger":"airflow.task.operators.airflow.providers.databricks.operators.databricks.DatabricksRunNowOperator","filename":"databricks.py","lineno":194}
{"timestamp":"2026-09-16T06:27:53.834075Z","level":"info","event":"View run status, Spark UI, and logs at https://dbc-d657ac58-ed7a.cloud.databricks.com/?o=7474651231474860#job/478726098061363/run/855387930233910","logger":"airflow.task.operators.airflow.providers.databricks.operators.databricks.DatabricksRunNowOperator","filename":"databricks.py","lineno":195}
{"timestamp":"2026-09-16T06:27:53.834286Z","level":"info","event":"Sleeping for 30 seconds.","logger":"airflow.task.operators.airflow.providers.databricks.operators.databricks.DatabricksRunNowOperator","filename":"databricks.py","lineno":196}
{"timestamp":"2026-09-16T06:28:23.832042Z","level":"info","event":"Using basic auth.","logger":"airflow.task.hooks.airflow.providers.databricks.hooks.databricks.DatabricksHook","filename":"databricks_base.py","lineno":1338}
{"timestamp":"2026-09-16T06:28:25.374335Z","level":"info","event":"run_shopkart_databricks_job in run state: {'life_cycle_state': 'RUNNING', 'result_state': '', 'state_message': ''}","logger":"airflow.task.operators.airflow.providers.databricks.operators.databricks.DatabricksRunNowOperator","filename":"databricks.py","lineno":194}
{"timestamp":"2026-09-16T06:28:25.374684Z","level":"info","event":"View run status, Spark UI, and logs at https://dbc-d657ac58-ed7a.cloud.databricks.com/?o=7474651231474860#job/478726098061363/run/855387930233910","logger":"airflow.task.operators.airflow.providers.databricks.operators.databricks.DatabricksRunNowOperator","filename":"databricks.py","lineno":195}
{"timestamp":"2026-09-16T06:28:25.374906Z","level":"info","event":"Sleeping for 30 seconds.","logger":"airflow.task.operators.airflow.providers.databricks.operators.databricks.DatabricksRunNowOperator","filename":"databricks.py","lineno":196}
{"timestamp":"2026-09-16T06:28:55.371272Z","level":"info","event":"Using basic auth.","logger":"airflow.task.hooks.airflow.providers.databricks.hooks.databricks.DatabricksHook","filename":"databricks_base.py","lineno":1338}
{"timestamp":"2026-09-16T06:28:56.876612Z","level":"info","event":"run_shopkart_databricks_job in run state: {'life_cycle_state': 'RUNNING', 'result_state': '', 'state_message': ''}","logger":"airflow.task.operators.airflow.providers.databricks.operators.databricks.DatabricksRunNowOperator","filename":"databricks.py","lineno":194}
{"timestamp":"2026-09-16T06:28:56.876786Z","level":"info","event":"View run status, Spark UI, and logs at https://dbc-d657ac58-ed7a.cloud.databricks.com/?o=7474651231474860#job/478726098061363/run/855387930233910","logger":"airflow.task.operators.airflow.providers.databricks.operators.databricks.DatabricksRunNowOperator","filename":"databricks.py","lineno":195}
{"timestamp":"2026-09-16T06:28:56.876858Z","level":"info","event":"Sleeping for 30 seconds.","logger":"airflow.task.operators.airflow.providers.databricks.operators.databricks.DatabricksRunNowOperator","filename":"databricks.py","lineno":196}
{"timestamp":"2026-09-16T06:29:26.875090Z","level":"info","event":"Using basic auth.","logger":"airflow.task.hooks.airflow.providers.databricks.hooks.databricks.DatabricksHook","filename":"databricks_base.py","lineno":1338}
{"timestamp":"2026-09-16T06:29:28.264182Z","level":"info","event":"run_shopkart_databricks_job in run state: {'life_cycle_state': 'RUNNING', 'result_state': '', 'state_message': ''}","logger":"airflow.task.operators.airflow.providers.databricks.operators.databricks.DatabricksRunNowOperator","filename":"databricks.py","lineno":194}
{"timestamp":"2026-09-16T06:29:28.264761Z","level":"info","event":"View run status, Spark UI, and logs at https://dbc-d657ac58-ed7a.cloud.databricks.com/?o=7474651231474860#job/478726098061363/run/855387930233910","logger":"airflow.task.operators.airflow.providers.databricks.operators.databricks.DatabricksRunNowOperator","filename":"databricks.py","lineno":195}
{"timestamp":"2026-09-16T06:29:28.265302Z","level":"info","event":"Sleeping for 30 seconds.","logger":"airflow.task.operators.airflow.providers.databricks.operators.databricks.DatabricksRunNowOperator","filename":"databricks.py","lineno":196}
{"timestamp":"2026-09-16T06:29:58.263401Z","level":"info","event":"Using basic auth.","logger":"airflow.task.hooks.airflow.providers.databricks.hooks.databricks.DatabricksHook","filename":"databricks_base.py","lineno":1338}
{"timestamp":"2026-09-16T06:29:59.722039Z","level":"info","event":"run_shopkart_databricks_job in run state: {'life_cycle_state': 'RUNNING', 'result_state': '', 'state_message': ''}","logger":"airflow.task.operators.airflow.providers.databricks.operators.databricks.DatabricksRunNowOperator","filename":"databricks.py","lineno":194}
{"timestamp":"2026-09-16T06:29:59.722551Z","level":"info","event":"View run status, Spark UI, and logs at https://dbc-d657ac58-ed7a.cloud.databricks.com/?o=7474651231474860#job/478726098061363/run/855387930233910","logger":"airflow.task.operators.airflow.providers.databricks.operators.databricks.DatabricksRunNowOperator","filename":"databricks.py","lineno":195}
{"timestamp":"2026-09-16T06:29:59.723227Z","level":"info","event":"Sleeping for 30 seconds.","logger":"airflow.task.operators.airflow.providers.databricks.operators.databricks.DatabricksRunNowOperator","filename":"databricks.py","lineno":196}
{"timestamp":"2026-09-16T06:30:29.719746Z","level":"info","event":"Using basic auth.","logger":"airflow.task.hooks.airflow.providers.databricks.hooks.databricks.DatabricksHook","filename":"databricks_base.py","lineno":1338}
{"timestamp":"2026-09-16T06:30:31.393686Z","level":"info","event":"run_shopkart_databricks_job completed successfully.","logger":"airflow.task.operators.airflow.providers.databricks.operators.databricks.DatabricksRunNowOperator","filename":"databricks.py","lineno":151}
{"timestamp":"2026-09-16T06:30:31.393997Z","level":"info","event":"View run status, Spark UI, and logs at https://dbc-d657ac58-ed7a.cloud.databricks.com/?o=7474651231474860#job/478726098061363/run/855387930233910","logger":"airflow.task.operators.airflow.providers.databricks.operators.databricks.DatabricksRunNowOperator","filename":"databricks.py","lineno":152}
