{"timestamp":"2026-09-15T06:55:24.679400Z","level":"info","event":"DAG bundles loaded: dags-folder","logger":"airflow.dag_processing.bundles.manager.DagBundlesManager","filename":"manager.py","lineno":179}
{"timestamp":"2026-09-15T06:55:24.680641Z","level":"info","event":"Filling up the DagBag from /opt/airflow/dags/shopkart_daily_pipeline.py","logger":"airflow.models.dagbag.DagBag","filename":"dagbag.py","lineno":593}
{"timestamp":"2026-09-15T06:55:24.985069Z","level":"info","event":"Using basic auth.","logger":"airflow.task.hooks.airflow.providers.databricks.hooks.databricks.DatabricksHook","filename":"databricks_base.py","lineno":1338}
{"timestamp":"2026-09-15T06:55:27.533459Z","level":"info","event":"Run submitted with run_id: 762237865400325","logger":"airflow.task.operators.airflow.providers.databricks.operators.databricks.DatabricksRunNowOperator","filename":"databricks.py","lineno":1405}
{"timestamp":"2026-09-15T06:55:27.610026Z","level":"info","event":"Using basic auth.","logger":"airflow.task.hooks.airflow.providers.databricks.hooks.databricks.DatabricksHook","filename":"databricks_base.py","lineno":1338}
{"timestamp":"2026-09-15T06:55:29.157576Z","level":"info","event":"Using basic auth.","logger":"airflow.task.hooks.airflow.providers.databricks.hooks.databricks.DatabricksHook","filename":"databricks_base.py","lineno":1338}
{"timestamp":"2026-09-15T06:55:30.671328Z","level":"info","event":"run_shopkart_databricks_job in run state: {'life_cycle_state': 'RUNNING', 'result_state': '', 'state_message': ''}","logger":"airflow.task.operators.airflow.providers.databricks.operators.databricks.DatabricksRunNowOperator","filename":"databricks.py","lineno":194}
{"timestamp":"2026-09-15T06:55:30.671493Z","level":"info","event":"View run status, Spark UI, and logs at https://dbc-d657ac58-ed7a.cloud.databricks.com/?o=7474651231474860#job/478726098061363/run/762237865400325","logger":"airflow.task.operators.airflow.providers.databricks.operators.databricks.DatabricksRunNowOperator","filename":"databricks.py","lineno":195}
{"timestamp":"2026-09-15T06:55:30.671581Z","level":"info","event":"Sleeping for 30 seconds.","logger":"airflow.task.operators.airflow.providers.databricks.operators.databricks.DatabricksRunNowOperator","filename":"databricks.py","lineno":196}
{"timestamp":"2026-09-15T06:56:00.670466Z","level":"info","event":"Using basic auth.","logger":"airflow.task.hooks.airflow.providers.databricks.hooks.databricks.DatabricksHook","filename":"databricks_base.py","lineno":1338}
{"timestamp":"2026-09-15T06:56:01.906063Z","level":"info","event":"run_shopkart_databricks_job in run state: {'life_cycle_state': 'RUNNING', 'result_state': '', 'state_message': ''}","logger":"airflow.task.operators.airflow.providers.databricks.operators.databricks.DatabricksRunNowOperator","filename":"databricks.py","lineno":194}
{"timestamp":"2026-09-15T06:56:01.906334Z","level":"info","event":"View run status, Spark UI, and logs at https://dbc-d657ac58-ed7a.cloud.databricks.com/?o=7474651231474860#job/478726098061363/run/762237865400325","logger":"airflow.task.operators.airflow.providers.databricks.operators.databricks.DatabricksRunNowOperator","filename":"databricks.py","lineno":195}
{"timestamp":"2026-09-15T06:56:01.906421Z","level":"info","event":"Sleeping for 30 seconds.","logger":"airflow.task.operators.airflow.providers.databricks.operators.databricks.DatabricksRunNowOperator","filename":"databricks.py","lineno":196}
{"timestamp":"2026-09-15T06:56:31.904338Z","level":"info","event":"Using basic auth.","logger":"airflow.task.hooks.airflow.providers.databricks.hooks.databricks.DatabricksHook","filename":"databricks_base.py","lineno":1338}
{"timestamp":"2026-09-15T06:56:33.532722Z","level":"info","event":"run_shopkart_databricks_job in run state: {'life_cycle_state': 'RUNNING', 'result_state': '', 'state_message': ''}","logger":"airflow.task.operators.airflow.providers.databricks.operators.databricks.DatabricksRunNowOperator","filename":"databricks.py","lineno":194}
{"timestamp":"2026-09-15T06:56:33.532870Z","level":"info","event":"View run status, Spark UI, and logs at https://dbc-d657ac58-ed7a.cloud.databricks.com/?o=7474651231474860#job/478726098061363/run/762237865400325","logger":"airflow.task.operators.airflow.providers.databricks.operators.databricks.DatabricksRunNowOperator","filename":"databricks.py","lineno":195}
{"timestamp":"2026-09-15T06:56:33.532930Z","level":"info","event":"Sleeping for 30 seconds.","logger":"airflow.task.operators.airflow.providers.databricks.operators.databricks.DatabricksRunNowOperator","filename":"databricks.py","lineno":196}
{"timestamp":"2026-09-15T06:57:03.530770Z","level":"info","event":"Using basic auth.","logger":"airflow.task.hooks.airflow.providers.databricks.hooks.databricks.DatabricksHook","filename":"databricks_base.py","lineno":1338}
{"timestamp":"2026-09-15T06:57:04.950870Z","level":"info","event":"run_shopkart_databricks_job in run state: {'life_cycle_state': 'RUNNING', 'result_state': '', 'state_message': ''}","logger":"airflow.task.operators.airflow.providers.databricks.operators.databricks.DatabricksRunNowOperator","filename":"databricks.py","lineno":194}
{"timestamp":"2026-09-15T06:57:04.951054Z","level":"info","event":"View run status, Spark UI, and logs at https://dbc-d657ac58-ed7a.cloud.databricks.com/?o=7474651231474860#job/478726098061363/run/762237865400325","logger":"airflow.task.operators.airflow.providers.databricks.operators.databricks.DatabricksRunNowOperator","filename":"databricks.py","lineno":195}
{"timestamp":"2026-09-15T06:57:04.951115Z","level":"info","event":"Sleeping for 30 seconds.","logger":"airflow.task.operators.airflow.providers.databricks.operators.databricks.DatabricksRunNowOperator","filename":"databricks.py","lineno":196}
{"timestamp":"2026-09-15T06:57:34.949819Z","level":"info","event":"Using basic auth.","logger":"airflow.task.hooks.airflow.providers.databricks.hooks.databricks.DatabricksHook","filename":"databricks_base.py","lineno":1338}
{"timestamp":"2026-09-15T06:57:36.554045Z","level":"info","event":"run_shopkart_databricks_job in run state: {'life_cycle_state': 'RUNNING', 'result_state': '', 'state_message': ''}","logger":"airflow.task.operators.airflow.providers.databricks.operators.databricks.DatabricksRunNowOperator","filename":"databricks.py","lineno":194}
{"timestamp":"2026-09-15T06:57:36.554188Z","level":"info","event":"View run status, Spark UI, and logs at https://dbc-d657ac58-ed7a.cloud.databricks.com/?o=7474651231474860#job/478726098061363/run/762237865400325","logger":"airflow.task.operators.airflow.providers.databricks.operators.databricks.DatabricksRunNowOperator","filename":"databricks.py","lineno":195}
{"timestamp":"2026-09-15T06:57:36.554245Z","level":"info","event":"Sleeping for 30 seconds.","logger":"airflow.task.operators.airflow.providers.databricks.operators.databricks.DatabricksRunNowOperator","filename":"databricks.py","lineno":196}
{"timestamp":"2026-09-15T06:58:06.552268Z","level":"info","event":"Using basic auth.","logger":"airflow.task.hooks.airflow.providers.databricks.hooks.databricks.DatabricksHook","filename":"databricks_base.py","lineno":1338}
{"timestamp":"2026-09-15T06:58:08.073131Z","level":"info","event":"run_shopkart_databricks_job in run state: {'life_cycle_state': 'RUNNING', 'result_state': '', 'state_message': ''}","logger":"airflow.task.operators.airflow.providers.databricks.operators.databricks.DatabricksRunNowOperator","filename":"databricks.py","lineno":194}
{"timestamp":"2026-09-15T06:58:08.073329Z","level":"info","event":"View run status, Spark UI, and logs at https://dbc-d657ac58-ed7a.cloud.databricks.com/?o=7474651231474860#job/478726098061363/run/762237865400325","logger":"airflow.task.operators.airflow.providers.databricks.operators.databricks.DatabricksRunNowOperator","filename":"databricks.py","lineno":195}
{"timestamp":"2026-09-15T06:58:08.073402Z","level":"info","event":"Sleeping for 30 seconds.","logger":"airflow.task.operators.airflow.providers.databricks.operators.databricks.DatabricksRunNowOperator","filename":"databricks.py","lineno":196}
{"timestamp":"2026-09-15T06:58:38.071076Z","level":"info","event":"Using basic auth.","logger":"airflow.task.hooks.airflow.providers.databricks.hooks.databricks.DatabricksHook","filename":"databricks_base.py","lineno":1338}
{"timestamp":"2026-09-15T06:58:39.511682Z","level":"info","event":"run_shopkart_databricks_job in run state: {'life_cycle_state': 'RUNNING', 'result_state': '', 'state_message': ''}","logger":"airflow.task.operators.airflow.providers.databricks.operators.databricks.DatabricksRunNowOperator","filename":"databricks.py","lineno":194}
{"timestamp":"2026-09-15T06:58:39.511954Z","level":"info","event":"View run status, Spark UI, and logs at https://dbc-d657ac58-ed7a.cloud.databricks.com/?o=7474651231474860#job/478726098061363/run/762237865400325","logger":"airflow.task.operators.airflow.providers.databricks.operators.databricks.DatabricksRunNowOperator","filename":"databricks.py","lineno":195}
{"timestamp":"2026-09-15T06:58:39.512055Z","level":"info","event":"Sleeping for 30 seconds.","logger":"airflow.task.operators.airflow.providers.databricks.operators.databricks.DatabricksRunNowOperator","filename":"databricks.py","lineno":196}
{"timestamp":"2026-09-15T06:59:09.510284Z","level":"info","event":"Using basic auth.","logger":"airflow.task.hooks.airflow.providers.databricks.hooks.databricks.DatabricksHook","filename":"databricks_base.py","lineno":1338}
{"timestamp":"2026-09-15T06:59:10.999016Z","level":"info","event":"run_shopkart_databricks_job in run state: {'life_cycle_state': 'RUNNING', 'result_state': '', 'state_message': ''}","logger":"airflow.task.operators.airflow.providers.databricks.operators.databricks.DatabricksRunNowOperator","filename":"databricks.py","lineno":194}
{"timestamp":"2026-09-15T06:59:10.999189Z","level":"info","event":"View run status, Spark UI, and logs at https://dbc-d657ac58-ed7a.cloud.databricks.com/?o=7474651231474860#job/478726098061363/run/762237865400325","logger":"airflow.task.operators.airflow.providers.databricks.operators.databricks.DatabricksRunNowOperator","filename":"databricks.py","lineno":195}
{"timestamp":"2026-09-15T06:59:10.999246Z","level":"info","event":"Sleeping for 30 seconds.","logger":"airflow.task.operators.airflow.providers.databricks.operators.databricks.DatabricksRunNowOperator","filename":"databricks.py","lineno":196}
{"timestamp":"2026-09-15T06:59:40.997443Z","level":"info","event":"Using basic auth.","logger":"airflow.task.hooks.airflow.providers.databricks.hooks.databricks.DatabricksHook","filename":"databricks_base.py","lineno":1338}
{"timestamp":"2026-09-15T06:59:42.543644Z","level":"info","event":"run_shopkart_databricks_job completed successfully.","logger":"airflow.task.operators.airflow.providers.databricks.operators.databricks.DatabricksRunNowOperator","filename":"databricks.py","lineno":151}
{"timestamp":"2026-09-15T06:59:42.543792Z","level":"info","event":"View run status, Spark UI, and logs at https://dbc-d657ac58-ed7a.cloud.databricks.com/?o=7474651231474860#job/478726098061363/run/762237865400325","logger":"airflow.task.operators.airflow.providers.databricks.operators.databricks.DatabricksRunNowOperator","filename":"databricks.py","lineno":152}
