{"timestamp":"2026-09-17T06:21:30.390322Z","level":"info","event":"DAG bundles loaded: dags-folder","logger":"airflow.dag_processing.bundles.manager.DagBundlesManager","filename":"manager.py","lineno":179}
{"timestamp":"2026-09-17T06:21:30.394562Z","level":"info","event":"Filling up the DagBag from /opt/airflow/dags/shopkart_daily_pipeline.py","logger":"airflow.models.dagbag.DagBag","filename":"dagbag.py","lineno":593}
{"timestamp":"2026-09-17T06:21:31.232294Z","level":"info","event":"Using basic auth.","logger":"airflow.task.hooks.airflow.providers.databricks.hooks.databricks.DatabricksHook","filename":"databricks_base.py","lineno":1338}
{"timestamp":"2026-09-17T06:21:33.767417Z","level":"info","event":"Run submitted with run_id: 941135500562281","logger":"airflow.task.operators.airflow.providers.databricks.operators.databricks.DatabricksRunNowOperator","filename":"databricks.py","lineno":1405}
{"timestamp":"2026-09-17T06:21:33.865427Z","level":"info","event":"Using basic auth.","logger":"airflow.task.hooks.airflow.providers.databricks.hooks.databricks.DatabricksHook","filename":"databricks_base.py","lineno":1338}
{"timestamp":"2026-09-17T06:21:35.564253Z","level":"info","event":"Using basic auth.","logger":"airflow.task.hooks.airflow.providers.databricks.hooks.databricks.DatabricksHook","filename":"databricks_base.py","lineno":1338}
{"timestamp":"2026-09-17T06:21:36.988070Z","level":"info","event":"run_shopkart_databricks_job in run state: {'life_cycle_state': 'RUNNING', 'result_state': '', 'state_message': ''}","logger":"airflow.task.operators.airflow.providers.databricks.operators.databricks.DatabricksRunNowOperator","filename":"databricks.py","lineno":194}
{"timestamp":"2026-09-17T06:21:36.988487Z","level":"info","event":"View run status, Spark UI, and logs at https://dbc-d657ac58-ed7a.cloud.databricks.com/?o=7474651231474860#job/478726098061363/run/941135500562281","logger":"airflow.task.operators.airflow.providers.databricks.operators.databricks.DatabricksRunNowOperator","filename":"databricks.py","lineno":195}
{"timestamp":"2026-09-17T06:21:36.988742Z","level":"info","event":"Sleeping for 30 seconds.","logger":"airflow.task.operators.airflow.providers.databricks.operators.databricks.DatabricksRunNowOperator","filename":"databricks.py","lineno":196}
{"timestamp":"2026-09-17T06:22:06.982014Z","level":"info","event":"Using basic auth.","logger":"airflow.task.hooks.airflow.providers.databricks.hooks.databricks.DatabricksHook","filename":"databricks_base.py","lineno":1338}
{"timestamp":"2026-09-17T06:22:08.735535Z","level":"info","event":"run_shopkart_databricks_job in run state: {'life_cycle_state': 'RUNNING', 'result_state': '', 'state_message': ''}","logger":"airflow.task.operators.airflow.providers.databricks.operators.databricks.DatabricksRunNowOperator","filename":"databricks.py","lineno":194}
{"timestamp":"2026-09-17T06:22:08.735907Z","level":"info","event":"View run status, Spark UI, and logs at https://dbc-d657ac58-ed7a.cloud.databricks.com/?o=7474651231474860#job/478726098061363/run/941135500562281","logger":"airflow.task.operators.airflow.providers.databricks.operators.databricks.DatabricksRunNowOperator","filename":"databricks.py","lineno":195}
{"timestamp":"2026-09-17T06:22:08.737582Z","level":"info","event":"Sleeping for 30 seconds.","logger":"airflow.task.operators.airflow.providers.databricks.operators.databricks.DatabricksRunNowOperator","filename":"databricks.py","lineno":196}
{"timestamp":"2026-09-17T06:22:38.731905Z","level":"info","event":"Using basic auth.","logger":"airflow.task.hooks.airflow.providers.databricks.hooks.databricks.DatabricksHook","filename":"databricks_base.py","lineno":1338}
{"timestamp":"2026-09-17T06:22:40.178149Z","level":"info","event":"run_shopkart_databricks_job in run state: {'life_cycle_state': 'RUNNING', 'result_state': '', 'state_message': ''}","logger":"airflow.task.operators.airflow.providers.databricks.operators.databricks.DatabricksRunNowOperator","filename":"databricks.py","lineno":194}
{"timestamp":"2026-09-17T06:22:40.178486Z","level":"info","event":"View run status, Spark UI, and logs at https://dbc-d657ac58-ed7a.cloud.databricks.com/?o=7474651231474860#job/478726098061363/run/941135500562281","logger":"airflow.task.operators.airflow.providers.databricks.operators.databricks.DatabricksRunNowOperator","filename":"databricks.py","lineno":195}
{"timestamp":"2026-09-17T06:22:40.178621Z","level":"info","event":"Sleeping for 30 seconds.","logger":"airflow.task.operators.airflow.providers.databricks.operators.databricks.DatabricksRunNowOperator","filename":"databricks.py","lineno":196}
{"timestamp":"2026-09-17T06:23:10.173842Z","level":"info","event":"Using basic auth.","logger":"airflow.task.hooks.airflow.providers.databricks.hooks.databricks.DatabricksHook","filename":"databricks_base.py","lineno":1338}
{"timestamp":"2026-09-17T06:23:11.628087Z","level":"info","event":"run_shopkart_databricks_job in run state: {'life_cycle_state': 'RUNNING', 'result_state': '', 'state_message': ''}","logger":"airflow.task.operators.airflow.providers.databricks.operators.databricks.DatabricksRunNowOperator","filename":"databricks.py","lineno":194}
{"timestamp":"2026-09-17T06:23:11.628325Z","level":"info","event":"View run status, Spark UI, and logs at https://dbc-d657ac58-ed7a.cloud.databricks.com/?o=7474651231474860#job/478726098061363/run/941135500562281","logger":"airflow.task.operators.airflow.providers.databricks.operators.databricks.DatabricksRunNowOperator","filename":"databricks.py","lineno":195}
{"timestamp":"2026-09-17T06:23:11.628396Z","level":"info","event":"Sleeping for 30 seconds.","logger":"airflow.task.operators.airflow.providers.databricks.operators.databricks.DatabricksRunNowOperator","filename":"databricks.py","lineno":196}
{"timestamp":"2026-09-17T06:23:41.624083Z","level":"info","event":"Using basic auth.","logger":"airflow.task.hooks.airflow.providers.databricks.hooks.databricks.DatabricksHook","filename":"databricks_base.py","lineno":1338}
{"timestamp":"2026-09-17T06:23:42.993711Z","level":"info","event":"run_shopkart_databricks_job in run state: {'life_cycle_state': 'RUNNING', 'result_state': '', 'state_message': ''}","logger":"airflow.task.operators.airflow.providers.databricks.operators.databricks.DatabricksRunNowOperator","filename":"databricks.py","lineno":194}
{"timestamp":"2026-09-17T06:23:42.994091Z","level":"info","event":"View run status, Spark UI, and logs at https://dbc-d657ac58-ed7a.cloud.databricks.com/?o=7474651231474860#job/478726098061363/run/941135500562281","logger":"airflow.task.operators.airflow.providers.databricks.operators.databricks.DatabricksRunNowOperator","filename":"databricks.py","lineno":195}
{"timestamp":"2026-09-17T06:23:42.994262Z","level":"info","event":"Sleeping for 30 seconds.","logger":"airflow.task.operators.airflow.providers.databricks.operators.databricks.DatabricksRunNowOperator","filename":"databricks.py","lineno":196}
{"timestamp":"2026-09-17T06:24:12.990310Z","level":"info","event":"Using basic auth.","logger":"airflow.task.hooks.airflow.providers.databricks.hooks.databricks.DatabricksHook","filename":"databricks_base.py","lineno":1338}
{"timestamp":"2026-09-17T06:24:14.801559Z","level":"info","event":"run_shopkart_databricks_job in run state: {'life_cycle_state': 'RUNNING', 'result_state': '', 'state_message': ''}","logger":"airflow.task.operators.airflow.providers.databricks.operators.databricks.DatabricksRunNowOperator","filename":"databricks.py","lineno":194}
{"timestamp":"2026-09-17T06:24:14.801755Z","level":"info","event":"View run status, Spark UI, and logs at https://dbc-d657ac58-ed7a.cloud.databricks.com/?o=7474651231474860#job/478726098061363/run/941135500562281","logger":"airflow.task.operators.airflow.providers.databricks.operators.databricks.DatabricksRunNowOperator","filename":"databricks.py","lineno":195}
{"timestamp":"2026-09-17T06:24:14.801850Z","level":"info","event":"Sleeping for 30 seconds.","logger":"airflow.task.operators.airflow.providers.databricks.operators.databricks.DatabricksRunNowOperator","filename":"databricks.py","lineno":196}
{"timestamp":"2026-09-17T06:24:44.798939Z","level":"info","event":"Using basic auth.","logger":"airflow.task.hooks.airflow.providers.databricks.hooks.databricks.DatabricksHook","filename":"databricks_base.py","lineno":1338}
{"timestamp":"2026-09-17T06:24:46.250351Z","level":"info","event":"run_shopkart_databricks_job in run state: {'life_cycle_state': 'RUNNING', 'result_state': '', 'state_message': ''}","logger":"airflow.task.operators.airflow.providers.databricks.operators.databricks.DatabricksRunNowOperator","filename":"databricks.py","lineno":194}
{"timestamp":"2026-09-17T06:24:46.250602Z","level":"info","event":"View run status, Spark UI, and logs at https://dbc-d657ac58-ed7a.cloud.databricks.com/?o=7474651231474860#job/478726098061363/run/941135500562281","logger":"airflow.task.operators.airflow.providers.databricks.operators.databricks.DatabricksRunNowOperator","filename":"databricks.py","lineno":195}
{"timestamp":"2026-09-17T06:24:46.250705Z","level":"info","event":"Sleeping for 30 seconds.","logger":"airflow.task.operators.airflow.providers.databricks.operators.databricks.DatabricksRunNowOperator","filename":"databricks.py","lineno":196}
{"timestamp":"2026-09-17T06:25:16.247730Z","level":"info","event":"Using basic auth.","logger":"airflow.task.hooks.airflow.providers.databricks.hooks.databricks.DatabricksHook","filename":"databricks_base.py","lineno":1338}
{"timestamp":"2026-09-17T06:25:17.775965Z","level":"info","event":"run_shopkart_databricks_job in run state: {'life_cycle_state': 'RUNNING', 'result_state': '', 'state_message': ''}","logger":"airflow.task.operators.airflow.providers.databricks.operators.databricks.DatabricksRunNowOperator","filename":"databricks.py","lineno":194}
{"timestamp":"2026-09-17T06:25:17.776182Z","level":"info","event":"View run status, Spark UI, and logs at https://dbc-d657ac58-ed7a.cloud.databricks.com/?o=7474651231474860#job/478726098061363/run/941135500562281","logger":"airflow.task.operators.airflow.providers.databricks.operators.databricks.DatabricksRunNowOperator","filename":"databricks.py","lineno":195}
{"timestamp":"2026-09-17T06:25:17.776271Z","level":"info","event":"Sleeping for 30 seconds.","logger":"airflow.task.operators.airflow.providers.databricks.operators.databricks.DatabricksRunNowOperator","filename":"databricks.py","lineno":196}
{"timestamp":"2026-09-17T06:25:47.773270Z","level":"info","event":"Using basic auth.","logger":"airflow.task.hooks.airflow.providers.databricks.hooks.databricks.DatabricksHook","filename":"databricks_base.py","lineno":1338}
{"timestamp":"2026-09-17T06:25:49.305716Z","level":"info","event":"run_shopkart_databricks_job in run state: {'life_cycle_state': 'RUNNING', 'result_state': '', 'state_message': ''}","logger":"airflow.task.operators.airflow.providers.databricks.operators.databricks.DatabricksRunNowOperator","filename":"databricks.py","lineno":194}
{"timestamp":"2026-09-17T06:25:49.306053Z","level":"info","event":"View run status, Spark UI, and logs at https://dbc-d657ac58-ed7a.cloud.databricks.com/?o=7474651231474860#job/478726098061363/run/941135500562281","logger":"airflow.task.operators.airflow.providers.databricks.operators.databricks.DatabricksRunNowOperator","filename":"databricks.py","lineno":195}
{"timestamp":"2026-09-17T06:25:49.306154Z","level":"info","event":"Sleeping for 30 seconds.","logger":"airflow.task.operators.airflow.providers.databricks.operators.databricks.DatabricksRunNowOperator","filename":"databricks.py","lineno":196}
{"timestamp":"2026-09-17T06:26:19.302488Z","level":"info","event":"Using basic auth.","logger":"airflow.task.hooks.airflow.providers.databricks.hooks.databricks.DatabricksHook","filename":"databricks_base.py","lineno":1338}
{"timestamp":"2026-09-17T06:26:20.800220Z","level":"info","event":"run_shopkart_databricks_job completed successfully.","logger":"airflow.task.operators.airflow.providers.databricks.operators.databricks.DatabricksRunNowOperator","filename":"databricks.py","lineno":151}
{"timestamp":"2026-09-17T06:26:20.800437Z","level":"info","event":"View run status, Spark UI, and logs at https://dbc-d657ac58-ed7a.cloud.databricks.com/?o=7474651231474860#job/478726098061363/run/941135500562281","logger":"airflow.task.operators.airflow.providers.databricks.operators.databricks.DatabricksRunNowOperator","filename":"databricks.py","lineno":152}
